warning: Git tree '/tmp/stackma' is dirty

> stackma@1.1.0 check
> npm run typecheck && npm test && npm run lint


> stackma@1.1.0 typecheck
> tsc --noEmit


> stackma@1.1.0 test
> node --test tests/*.test.js

✔ new names write only title and preserve large native IDs and every other property (1.888528ms)
✔ one privacy lane reserves unique names across simultaneous windows and duplicate enqueue (4.464774ms)
✔ normal/private contexts and histories stay separate; native titles never enter history (0.452309ms)
✔ already named and missing groups do not allocate or write (0.277918ms)
✔ duplicate native IDs never transfer naming authority to a different group (0.517343ms)
✔ another native creation reusing a pending ID cancels its assignment (0.306642ms)
✔ observed rename then clear while context IPC waits permanently cancels that attempt (0.191574ms)
✔ observed color/collapse-only updates do not cancel a name (0.196063ms)
✔ final fresh read/cancellation respects a remove during reservation (0.17361ms)
✔ final fresh read/cancellation respects a move during reservation (0.217353ms)
✔ final fresh read/cancellation respects a rename during reservation (0.209097ms)
✔ a storage failure leaves grouping/name untouched, reports once, and does not poison the next job (0.256798ms)
✔ title failures retry at most once, after reading native authority again (0.24214ms)
✔ a write applied before IPC rejects is recognized without writing twice (0.224727ms)
✔ an observed committed name followed by manual clearing is never restored after a lost reply (0.175754ms)
✔ recent history is bounded and rehydrated after a new event-page instance (0.406763ms)
✔ private closure cleanup is serialized after an in-flight reservation and preserves other windows (0.262208ms)
✔ closed private windows and malformed/oversized session data cannot enter a later context (0.180172ms)
✔ a naming failure cannot retry successful native grouping (0.965384ms)
✔ a lost group-creation reply preserves the unowned title and reports ambiguous naming authority (0.280453ms)
✔ slow naming keeps completion alive while independent membership work in the window continues (0.311422ms)
✔ joining and late-parent reuse never schedule a new name (1.233093ms)
✔ burst snapshot is shared across queued jobs and released at idle (8.252511ms)
✔ external rename invalidates a burst before the next allocation (0.239605ms)
✔ external create invalidates a retained context (0.211131ms)
✔ external remove invalidates a retained context (0.128835ms)
✔ external move invalidates a retained context (0.120379ms)
✔ external window-create invalidates a retained context (0.143794ms)
✔ a context invalidated during its native query cannot be reused (0.151918ms)
✔ uncommitted reservations are not permanent occupied entries in a burst (7.196645ms)
✔ failed context reads release state and do not poison the remaining burst (0.199519ms)
✔ new empty groups invalidate context because native identity can collide (0.146658ms)
✔ all colliding other-group titles remain occupied throughout a burst (0.150917ms)
✔ an empty creation colliding with a queued target cancels it before a cached write (0.209438ms)
✔ bootstrap reads once and subsequent validation caches only ambiguity (1.397065ms)
✔ a fresh unfiltered query preserves every native row and warms validation (0.349635ms)
✔ filtered queries are rejected without poisoning or publishing a partial cache (0.139796ms)
✔ creation invalidation detects a newly colliding ID (0.168581ms)
✔ validators starting in the same epoch share one snapshot and their own requested IDs (0.234766ms)
✔ old in-flight validation cannot serve or overwrite a new epoch (0.169983ms)
✔ a raw query invalidated in flight returns its own rows without caching them (0.130729ms)
✔ a failed shared snapshot rejects callers and releases its in-flight state (0.228764ms)
✔ all accessible windows and privacy classes contribute to ambiguity (0.153682ms)
✔ large native IDs keep full numeric precision and do not alias lower bits (0.209157ms)
✔ removal invalidation forgets a resolved collision (0.118966ms)
✔ empty validation has no IPC and requested IDs are captured before waiting (0.555616ms)
✔ late parent preserves exclusive branch identity and metadata, order 1,2,3,4,5 (3.01537ms)
✔ late parent preserves exclusive branch identity and metadata, order 2,3,1,4,5 (0.351337ms)
✔ late parent preserves exclusive branch identity and metadata, order 1,4,2,3,5 (0.403206ms)
✔ late parent preserves exclusive branch identity and metadata, order 4,2,3,5,1 (4.102716ms)
✔ existing opener group and its metadata take precedence over a child branch (0.396413ms)
✔ metadata edits made after membership reads survive the eventual native join (0.377037ms)
✔ unrelated child-group member remains in its original group, order 1,4,2,3 (0.299249ms)
✔ unrelated child-group member remains in its original group, order 1,2,3,4 (0.182437ms)
✔ first exclusive child group in event order wins a merge of two branches (0.279381ms)
✔ private-window mismatch fallback retains exclusive branch metadata (0.528384ms)
✔ one failed membership probe is retried without losing metadata (0.286274ms)
✔ persistent failed membership probes report failure and release the lane (0.532552ms)
✔ opener closure during exclusivity probing does not replace the child group (0.375534ms)
✔ compiled catalog preserves every approved edge and packaged license (73.35077ms)
✔ normalization recognizes compatibility, case, spacing, underscores and dash variants (0.374111ms)
✔ every empty-context edge is reachable once by rank, despite unequal adjective degrees (14.853154ms)
✔ context deduplication and reuse tiers agree with independent oracle (4.266176ms)
✔ repeated components are discouraged without pretending counts measure memory (4.059514ms)
✔ pair exclusion combines sound, meaning and spelling only when both slots are near (1587.462085ms)
✔ minimum maximum usage takes priority over total usage, then sum breaks ties (729.745497ms)
✔ manual spelling comparison covers insertions, deletions and substitutions (942.851169ms)
✔ fallback has exact normalized uniqueness and chooses the smallest free decimal suffix (5.604971ms)
✔ long arbitrary manual titles and single-use iterables are preserved as supported input (16.453816ms)
✔ random input has an explicit unsigned 64-bit contract and errors propagate (2.528715ms)
✔ a unique best edge needs no random draw (7.443665ms)
✔ new names write only title and preserve large native IDs and every other property (1.607525ms)
✔ one privacy lane reserves unique names across simultaneous windows and duplicate enqueue (0.54725ms)
✔ normal/private contexts and histories stay separate; native titles never enter history (1.043473ms)
✔ already named and missing groups do not allocate or write (0.194219ms)
✔ duplicate native IDs never transfer naming authority to a different group (0.381445ms)
✔ another native creation reusing a pending ID cancels its assignment (0.239355ms)
✔ observed rename then clear while context IPC waits permanently cancels that attempt (0.167178ms)
✔ observed color/collapse-only updates do not cancel a name (0.149544ms)
✔ final fresh read/cancellation respects a remove during reservation (0.250647ms)
✔ final fresh read/cancellation respects a move during reservation (0.18447ms)
✔ final fresh read/cancellation respects a rename during reservation (2.828464ms)
✔ a storage failure leaves grouping/name untouched, reports once, and does not poison the next job (0.23695ms)
✔ title failures retry at most once, after reading native authority again (0.228795ms)
✔ a write applied before IPC rejects is recognized without writing twice (0.19473ms)
✔ an observed committed name followed by manual clearing is never restored after a lost reply (0.139495ms)
✔ recent history is bounded and rehydrated after a new event-page instance (0.451318ms)
✔ private closure cleanup is serialized after an in-flight reservation and preserves other windows (0.282807ms)
✔ closed private windows and malformed/oversized session data cannot enter a later context (0.107334ms)
✔ a naming failure cannot retry successful native grouping (0.927172ms)
✔ a lost group-creation reply preserves the unowned title and reports ambiguous naming authority (0.243352ms)
✔ slow naming keeps completion alive while independent membership work in the window continues (0.260034ms)
✔ joining and late-parent reuse never schedule a new name (0.761447ms)
✔ matched naming challengers use the same eligible edge set and exact fallback (73.919972ms)
✔ array control preserves edge ranks; reservoir covers first/last edge without a candidate array (12.108558ms)
✔ popup keeps native names and scope; literal component search never navigates (2.082377ms)
✔ private popup excludes ordinary windows (0.220709ms)
✔ full manual title is text and copied synchronously without regeneration (2.746599ms)
✔ unnamed manual groups are visible and are never named or copied as a placeholder (0.218275ms)
✔ explicit navigation uses the active native member and then focuses its window (0.709378ms)
✔ navigation uses lowest tab index when no member is active (3.438524ms)
✔ stale title refreshes without activating another entity (0.345407ms)
✔ member moved between enumeration and commit is not activated (0.334575ms)
✔ a group renamed during member enumeration requires another explicit choice (0.354594ms)
✔ closed groups and unavailable native metadata report errors without navigation (0.600481ms)
✔ native events coalesce and preserve focused control across title changes (0.349564ms)
✔ failure messages are visible and badge dismissal follows successful write (0.476095ms)
✔ duplicate group IDs in window 1 disable navigation without exposing other privacy titles (0.251127ms)
✔ duplicate group IDs in window 2 disable navigation without exposing other privacy titles (0.09999ms)
✔ duplicate group IDs in window 3 disable navigation without exposing other privacy titles (0.086735ms)
✔ an ID collision introduced after rendering is caught by the explicit-open snapshot (0.887847ms)
✔ a collision appearing during tab enumeration prevents even same-title same-window selection (0.298557ms)
✔ ungrouped opener and child form a native group in their own window (2.027382ms)
✔ child joins the opener existing group without touching unrelated groups (0.393197ms)
✔ native inheritance that already satisfies the relation causes no mutation (0.741239ms)
✔ missing, self, and malformed relationships cause no mutations (0.224737ms)
✔ pinned endpoints are preserved and the relationship is skipped (0.291033ms)
✔ relationships across windows and privacy boundaries do not move tabs (0.181565ms)
✔ private group creation uses the source window despite a normal focused window (0.156097ms)
✔ private existing-group joins work without focusing or crossing a window (0.469472ms)
✔ private fallback recovers a transient descendant move failure (0.391955ms)
✔ private fallback retains ancestry after partial success and recovery (0.960295ms)
✔ persistent partial private fallback is bounded and reported without stranding later work (0.630979ms)
✔ fallback keeps its expanded plan when one move implicitly relocates an ancestor (0.36865ms)
✔ duplicate creation signals do not undo a later manual ungroup (0.121711ms)
✔ simultaneous siblings share a group despite asynchronous opener reads (0.3102ms)
✔ overlapping parent and descendant events preserve the complete chain (0.751418ms)
✔ a late parent relation carries already accepted descendants into the final group (0.218065ms)
✔ grouping a source own child cannot accept its skipped incoming relationship (0.153952ms)
✔ a source observed outside its assigned group disowns the old incoming edge (0.187266ms)
✔ a descendant manually reassigned before a late parent is not pulled back (0.156477ms)
✔ a descendant moved to another window is not pulled back by a late parent (0.156367ms)
✔ closing either endpoint during its read does not block later work (0.34755ms)
✔ a single tab closing in a pending batch does not abandon surviving siblings (0.222493ms)
✔ a transient mutation rejection is recovered with fresh browser state (0.161868ms)
✔ persistent mutation rejection is bounded, reported, and does not strand the queue (0.48425ms)
✔ unexpected read rejection is reported without an unhandled rejection (0.28399ms)
✔ structured missing-tab errors are recognized across API realms (0.128785ms)
✔ structured privacy errors still select the safe native-move fallback (0.166757ms)
✔ a stalled window does not block an independent window (0.245326ms)
✔ forget removes retained relationships and settled window queues (0.166556ms)
✔ the unqueued opener-snapshot baseline has a sibling race (0.103827ms)
✔ bounded sibling batching removes redundant API work under matched admission (2.671145ms)
✔ batching and FIFO satisfy the independent forest oracle (seed 1) (2.197596ms)
✔ batching and FIFO satisfy the independent forest oracle (seed 17) (1.137681ms)
✔ batching and FIFO satisfy the independent forest oracle (seed 771) (1.374973ms)
✔ batching and FIFO satisfy the independent forest oracle (seed 305419896) (0.916261ms)
ℹ tests 147
ℹ suites 0
ℹ pass 147
ℹ fail 0
ℹ cancelled 0
ℹ skipped 0
ℹ todo 0
ℹ duration_ms 3434.665278

> stackma@1.1.0 lint
> web-ext lint --source-dir extension --warnings-as-errors

Validation Summary:

errors          0              
notices         0              
warnings        0              

